[pirate-personal-vcard-resume-template.netlify.com/index.html]
[backblue.gif]
[fade.gif]
[index.html]
[image.ibb.co/bJ8SZx/piricon.png]
[d33wubrfki0l68.cloudfront.net/css/0b028e4d50e048a0a447b2586bee0322bbc83b8e/css/bootstrap.min.css]
[d33wubrfki0l68.cloudfront.net/css/f7c33166984ffaa7725eb2f045126d33c71e651b/css/magnific-popup.css]
[cdnjs.cloudflare.com/ajax/libs/owl-carousel/1.3.3/owl.carousel.min.css]
[pirate-personal-vcard-resume-template.netlify.com/css/styles.css]
[pirate-personal-vcard-resume-template.netlify.com/css/font-awesome.min.css]
[pirate-personal-vcard-resume-template.netlify.com/css/line-awesome.min.css]
[d33wubrfki0l68.cloudfront.net/js/68d38c58bf4e1a5a865e4032c5d832ea1a0aac43/js/modernizr-2.6.2.min.js]
[image.ibb.co/nqK1ux/avatar.png]
[pirate-personal-vcard-resume-template.netlify.com/about.html]
[pirate-personal-vcard-resume-template.netlify.com/services.html]
[pirate-personal-vcard-resume-template.netlify.com/portfolio.html]
[pirate-personal-vcard-resume-template.netlify.com/resume.html]
[pirate-personal-vcard-resume-template.netlify.com/testimonials.html]
[pirate-personal-vcard-resume-template.netlify.com/contact.html]
[image.ibb.co/bFbxZx/help.png]
[code.jquery.com/jquery-1.12.0.min.js]
[d33wubrfki0l68.cloudfront.net/js/8d61d52d0ca706a51abc94c5ff82529fac99d054/js/bootstrap.min.js]
[cdnjs.cloudflare.com/ajax/libs/owl-carousel/1.3.3/owl.carousel.min.js]
[d33wubrfki0l68.cloudfront.net/js/20caedbde9c5a4f3f4c01c0a18896010aa919ea1/js/jquery.countto.js]
[d33wubrfki0l68.cloudfront.net/js/fc7275f61682fa1ea733c2987b43c46eda377256/js/jquery.magnific-popup.min.js]
[d33wubrfki0l68.cloudfront.net/bundles/ac0b3f195d5ad9bfdd95b5687cb1848649d19823.js]
[pirate-personal-vcard-resume-template.netlify.com/index.html]
[d33wubrfki0l68.cloudfront.net/css/0b028e4d50e048a0a447b2586bee0322bbc83b8e/css/bootstrap.min.css]
[d33wubrfki0l68.cloudfront.net/css/f7c33166984ffaa7725eb2f045126d33c71e651b/css/magnific-popup.css]
[pirate-personal-vcard-resume-template.netlify.com/js/custom.js]
[cdnjs.cloudflare.com/ajax/libs/owl-carousel/1.3.3/grabbing.png]
[cdnjs.cloudflare.com/ajax/libs/owl-carousel/1.3.3/owl.carousel.min.css]
[image.ibb.co/fRuC1c/skull.png]
[image.ibb.co/hiJBux/hat.png]
[image.ibb.co/kCnzgc/bg_header1.jpg]
[image.ibb.co/jxRRcH/helm.png]
[pirate-personal-vcard-resume-template.netlify.com/css/styles.css]
[pirate-personal-vcard-resume-template.netlify.com/fonts/fontawesome-webfont3e6e.eot]
[pirate-personal-vcard-resume-template.netlify.com/fonts/fontawesome-webfont3e6e.woff2]
[pirate-personal-vcard-resume-template.netlify.com/fonts/fontawesome-webfontd41d.eot]
[pirate-personal-vcard-resume-template.netlify.com/fonts/fontawesome-webfont3e6e.ttf]
[pirate-personal-vcard-resume-template.netlify.com/fonts/fontawesome-webfont3e6e.woff]
[pirate-personal-vcard-resume-template.netlify.com/css/font-awesome.min.css]
[pirate-personal-vcard-resume-template.netlify.com/fonts/line-awesomeeb4f.eot]
[pirate-personal-vcard-resume-template.netlify.com/fonts/line-awesome0176.eot]
[pirate-personal-vcard-resume-template.netlify.com/fonts/line-awesomeeb4f.woff2]
[pirate-personal-vcard-resume-template.netlify.com/fonts/fontawesome-webfont3e6e.svg]
[pirate-personal-vcard-resume-template.netlify.com/fonts/line-awesomeeb4f.woff]
[pirate-personal-vcard-resume-template.netlify.com/fonts/line-awesomeeb4f.ttf]
[pirate-personal-vcard-resume-template.netlify.com/css/line-awesome.min.css]
[pirate-personal-vcard-resume-template.netlify.com/fonts/line-awesomeeb4f.svg]
[image.ibb.co/bXsX1c/person.jpg]
[image.ibb.co/m0ws1c/pirate.png]
[pirate-personal-vcard-resume-template.netlify.com/about.html]
[pirate-personal-vcard-resume-template.netlify.com/services.html]
[image.ibb.co/g4Mgux/face.png]
[image.ibb.co/gDNt7H/logo.jpg]
[image.ibb.co/cvGEEx/logo2.jpg]
[image.ibb.co/h4fPEx/card.jpg]
[image.ibb.co/fZF7Zx/logo1.jpg]
[image.ibb.co/jmgmSH/card2.jpg]
[pirate-personal-vcard-resume-template.netlify.com/portfolio.html]
[pirate-personal-vcard-resume-template.netlify.com/resume.html]
[image.ibb.co/fVDSZx/captain_Jack.png]
[image.ibb.co/eZuqnH/captainsalazar.png]
[image.ibb.co/gbAwSH/captain_Barbarossa.png]
[pirate-personal-vcard-resume-template.netlify.com/testimonials.html]
[pirate-personal-vcard-resume-template.netlify.com/contact.html]
[pirate-personal-vcard-resume-template.netlify.com/fonts/fontawesome-webfont3e6e.svg]
[pirate-personal-vcard-resume-template.netlify.com/fonts/line-awesomeeb4f.svg]
